[droitthemes.com/html/filix/index.html]
[droitthemes.com/html/filix/assets/images/favicon.png]
[backblue.gif]
[fade.gif]
[index.html]
[droitthemes.com/html/filix/assets/css/bootstrap.css]
[droitthemes.com/html/filix/assets/css/font-awesome.min.css]
[droitthemes.com/html/filix/assets/css/font-awesome-animation.min.css]
[droitthemes.com/html/filix/assets/css/themify-icons.css]
[droitthemes.com/html/filix/assets/css/elegant-icon-style.css]
[droitthemes.com/html/filix/assets/css/slick.css]
[droitthemes.com/html/filix/assets/css/slick-theme.css]
[droitthemes.com/html/filix/assets/css/particle.css]
[droitthemes.com/html/filix/assets/css/animated.css]
[droitthemes.com/html/filix/assets/css/style.css]
[droitthemes.com/html/filix/assets/css/responsive.css]
[droitthemes.com/html/filix/index-2.html]
[droitthemes.com/html/filix/index-3.html]
[droitthemes.com/html/filix/index-4.html]
[droitthemes.com/html/filix/index-5.html]
[droitthemes.com/html/filix/portfolio-2.html]
[droitthemes.com/html/filix/portfolio-3.html]
[droitthemes.com/html/filix/portfolio-single.html]
[droitthemes.com/html/filix/blog.html]
[droitthemes.com/html/filix/blog-sidebar.html]
[droitthemes.com/html/filix/blog-single.html]
[droitthemes.com/html/filix/blog-single-sidebar.html]
[droitthemes.com/html/filix/contact.html]
[droitthemes.com/html/filix/assets/images/portfolio_img_1.jpg]
[droitthemes.com/html/filix/assets/images/portfolio_img_2.jpg]
[droitthemes.com/html/filix/assets/images/portfolio_img_4.jpg]
[droitthemes.com/html/filix/assets/images/portfolio_img_3.jpg]
[droitthemes.com/html/filix/assets/images/portfolio_img_6.jpg]
[droitthemes.com/html/filix/assets/images/portfolio_img_5.jpg]
[droitthemes.com/html/filix/assets/images/test/test_user_1.jpg]
[droitthemes.com/html/filix/assets/images/test/test_user_2.jpg]
[droitthemes.com/html/filix/assets/images/test/test_user_3.jpg]
[droitthemes.com/html/filix/assets/images/client/vector_icon_1.png]
[droitthemes.com/html/filix/assets/images/client/vector_icon_2.png]
[droitthemes.com/html/filix/assets/images/client/vector_icon_5.png]
[droitthemes.com/html/filix/assets/images/client/vector_icon_8.png]
[droitthemes.com/html/filix/assets/images/client/vector_icon_6.png]
[droitthemes.com/html/filix/assets/images/client/vector_icon_9.png]
[droitthemes.com/html/filix/assets/images/client/vector_icon_7.png]
[droitthemes.com/html/filix/assets/images/client/vector_icon_4.png]
[droitthemes.com/html/filix/assets/images/client/vector_icon_3.png]
[droitthemes.com/html/filix/assets/js/isotope.pkgd.min.js]
[droitthemes.com/html/filix/assets/js/bootstrap.min.js]
[droitthemes.com/html/filix/assets/js/jquery.validate.min.js]
[droitthemes.com/html/filix/assets/js/contact.js]
[droitthemes.com/html/filix/assets/js/jquery-3.3.1.min.js]
[droitthemes.com/html/filix/assets/js/imagesloaded.pkgd.min.js]
[droitthemes.com/html/filix/assets/js/jquery.form.js]
[droitthemes.com/html/filix/assets/js/slick.min.js]
[droitthemes.com/html/filix/assets/js/particles.js]
[droitthemes.com/html/filix/assets/js/wow.js]
[droitthemes.com/html/filix/assets/js/parallax-scroll.js]
[droitthemes.com/html/filix/assets/js/universal-tilt.js]
[droitthemes.com/html/filix/assets/js/main.js]
[droitthemes.com/html/filix/index.html]
[droitthemes.com/html/filix/assets/css/bootstrap.css]
[droitthemes.com/html/filix/assets/fonts/fontawesome-webfont3e6e.eot]
[droitthemes.com/html/filix/assets/fonts/fontawesome-webfontd41d.eot]
[droitthemes.com/html/filix/assets/fonts/fontawesome-webfont3e6e.woff2]
[droitthemes.com/html/filix/assets/fonts/fontawesome-webfont3e6e.woff]
[droitthemes.com/html/filix/assets/fonts/fontawesome-webfont3e6e.svg]
[droitthemes.com/html/filix/assets/css/font-awesome.min.css]
[droitthemes.com/html/filix/assets/css/font-awesome-animation.min.css]
[droitthemes.com/html/filix/assets/fonts/themify9f24.eot]
[droitthemes.com/html/filix/assets/fonts/themifyd41d.eot]
[droitthemes.com/html/filix/assets/fonts/themify9f24.woff]
[droitthemes.com/html/filix/assets/fonts/themify9f24.ttf]
[droitthemes.com/html/filix/assets/css/themify-icons.css]
[droitthemes.com/html/filix/assets/fonts/ElegantIcons.eot]
[droitthemes.com/html/filix/assets/fonts/ElegantIconsd41d.eot]
[droitthemes.com/html/filix/assets/fonts/ElegantIcons.ttf]
[droitthemes.com/html/filix/assets/fonts/ElegantIcons.svg]
[droitthemes.com/html/filix/assets/css/elegant-icon-style.css]
[droitthemes.com/html/filix/assets/css/slick.css]
[droitthemes.com/html/filix/assets/images/ajax-loader.gif]
[droitthemes.com/html/filix/assets/css/fonts/slickd41d.eot]
[droitthemes.com/html/filix/assets/css/fonts/slick.woff]
[droitthemes.com/html/filix/assets/css/fonts/slick.ttf]
[droitthemes.com/html/filix/assets/css/fonts/slick.4c.delayed]
[droitthemes.com/html/filix/assets/css/slick-theme.css]
[droitthemes.com/html/filix/assets/css/particle.css]
[droitthemes.com/html/filix/assets/css/animated.css]
[droitthemes.com/html/filix/assets/fonts/futura/futura_bold_font.woff2]
[droitthemes.com/html/filix/assets/fonts/futura/futura_bold_font.woff]
[droitthemes.com/html/filix/assets/fonts/futura/futura_book_font.woff2]
[droitthemes.com/html/filix/assets/fonts/futura/futura_book_font.woff]
[droitthemes.com/html/filix/assets/fonts/futura/futura_extra_black_font.woff2]
[droitthemes.com/html/filix/assets/fonts/futura/futura_extra_black_font.woff]
[droitthemes.com/html/filix/assets/fonts/futura/futura_heavy_font.woff2]
[droitthemes.com/html/filix/assets/fonts/futura/futura_heavy_font.woff]
[droitthemes.com/html/filix/assets/fonts/futura/futura_light_bt.woff2]
[droitthemes.com/html/filix/assets/fonts/futura/futura_light_bt.woff]
[droitthemes.com/html/filix/assets/fonts/futura/futura_light_font.woff2]
[droitthemes.com/html/filix/assets/fonts/futura/futura_light_font.woff]
[droitthemes.com/html/filix/assets/fonts/futura/futura_medium_bt.woff2]
[droitthemes.com/html/filix/assets/fonts/futura/futura_medium_bt.woff]
[droitthemes.com/html/filix/assets/fonts/futura/futura_xblk_bt.woff2]
[droitthemes.com/html/filix/assets/fonts/futura/futura_xblk_bt.woff]
[droitthemes.com/html/filix/assets/images/hero_bg.jpg]
[droitthemes.com/html/filix/assets/images/contact_bg.jpg]
[droitthemes.com/html/filix/assets/images/blog/blog_single_bg.jpg]
[droitthemes.com/html/filix/assets/images/test/test_bg.jpg]
[droitthemes.com/html/filix/assets/images/footer_bg.jpg]
[droitthemes.com/html/filix/assets/css/style.css]
[droitthemes.com/html/filix/assets/css/responsive.css]
[droitthemes.com/html/filix/index-2.html]
[droitthemes.com/html/filix/assets/css/jquery.mb.YTPlayer.min.css]
[droitthemes.com/html/filix/index-3.html]
[droitthemes.com/html/filix/assets/js/jquery.mb.YTPlayer.js]
[droitthemes.com/html/filix/assets/images/video/about-us-video.mp4]
[droitthemes.com/html/filix/index-4.html]
[droitthemes.com/html/filix/assets/images/banner_bg.jpg]
[droitthemes.com/html/filix/assets/images/banner_bg1.jpg]
[droitthemes.com/html/filix/index-5.html]
[droitthemes.com/html/filix/portfolio-2.html]
[droitthemes.com/html/filix/assets/images/port-3/pori_img_1.jpg]
[droitthemes.com/html/filix/assets/images/port-3/pori_img_4.jpg]
[droitthemes.com/html/filix/assets/images/port-3/pori_img_5.jpg]
[droitthemes.com/html/filix/portfolio-3.html]
[droitthemes.com/html/filix/assets/images/port_single/portfolio_single_img_1.jpg]
[droitthemes.com/html/filix/assets/images/port_single/portfolio_single_img_2.jpg]
[droitthemes.com/html/filix/assets/images/port_single/portfolio_single_img_3.jpg]
[droitthemes.com/html/filix/assets/images/port_single/portfolio_single_img_4.jpg]
[droitthemes.com/html/filix/portfolio-single.html]
[droitthemes.com/html/filix/assets/images/blog/post_img_1.jpg]
[droitthemes.com/html/filix/assets/images/author_img.png]
[droitthemes.com/html/filix/assets/images/svg/timetable.svg]
[droitthemes.com/html/filix/assets/images/blog/post_img_2.jpg]
[droitthemes.com/html/filix/assets/images/blog/post_img_3.jpg]
[droitthemes.com/html/filix/blog.html]
[droitthemes.com/html/filix/assets/images/sidebar_about_img.jpg]
[droitthemes.com/html/filix/assets/images/sidebar_sing.png]
[droitthemes.com/html/filix/assets/images/recent_post/recent_post_img_1.jpg]
[droitthemes.com/html/filix/assets/images/recent_post/recent_post_img_2.jpg]
[droitthemes.com/html/filix/assets/images/recent_post/recent_post_img_3.jpg]
[droitthemes.com/html/filix/blog-sidebar.html]
[droitthemes.com/html/filix/assets/images/blog/blog_single_author_img.png]
[droitthemes.com/html/filix/assets/images/svg/timetable-white.svg]
[droitthemes.com/html/filix/assets/images/blog/post_single_img.jpg]
[droitthemes.com/html/filix/assets/images/author/user_1.jpg]
[droitthemes.com/html/filix/assets/images/author/user_2.jpg]
[droitthemes.com/html/filix/assets/images/author/author-img.jpg]
[droitthemes.com/html/filix/blog-single.html]
[droitthemes.com/html/filix/blog-single-sidebar.html]
[droitthemes.com/html/filix/assets/images/svg/statue-of-liberty.svg]
[droitthemes.com/html/filix/assets/images/svg/big-ben.svg]
[droitthemes.com/html/filix/assets/images/svg/eiffel-tower.svg]
[droitthemes.com/html/filix/contact.html]
[droitthemes.com/html/filix/assets/fonts/fontawesome-webfont3e6e.svg]
[droitthemes.com/html/filix/assets/fonts/fontawesome-webfont3e6e.ttf]
[droitthemes.com/html/filix/assets/fonts/ElegantIcons.woff]
[droitthemes.com/html/filix/assets/fonts/themify9f24.svg]
[droitthemes.com/html/filix/assets/fonts/ElegantIcons.svg]
[droitthemes.com/html/filix/assets/css/fonts/slick.eot]
[droitthemes.com/html/filix/assets/css/fonts/slickd41d.html]
[droitthemes.com/html/filix/assets/css/fonts/slick.html]
[droitthemes.com/html/filix/assets/css/fonts/slick-2.html]
[droitthemes.com/html/filix/assets/css/fonts/slick-3.html]
[droitthemes.com/html/filix/assets/js/app.js]
[droitthemes.com/html/filix/assets/css/font/ytp-regular.eot]
[droitthemes.com/html/filix/assets/css/jquery.mb.YTPlayer.min.css]
[droitthemes.com/html/filix/assets/images/port-3/pori_img_2.jpg]
[droitthemes.com/html/filix/assets/images/port-3/pori_img_6.jpg]
[droitthemes.com/html/filix/assets/images/svg/timetable.svg]
[droitthemes.com/html/filix/assets/images/svg/timetable-white.svg]
[droitthemes.com/html/filix/assets/images/svg/statue-of-liberty.svg]
[droitthemes.com/html/filix/assets/images/svg/big-ben.svg]
[droitthemes.com/html/filix/assets/images/svg/eiffel-tower.svg]
[droitthemes.com/html/filix/assets/fonts/themify9f24.svg]
[droitthemes.com/html/filix/assets/css/fonts/slick.eot]
[droitthemes.com/html/filix/assets/css/font/ytp-regular.html]
