[expert-themes.com/html/tecno/index.html]
[backblue.gif]
[fade.gif]
[index.html]
[expert-themes.com/html/tecno/images/favicon.png]
[expert-themes.com/html/tecno/index-2.html]
[expert-themes.com/html/tecno/images/logo.png]
[expert-themes.com/html/tecno/index-3.html]
[expert-themes.com/html/tecno/index-4.html]
[expert-themes.com/html/tecno/index-5.html]
[expert-themes.com/html/tecno/index-6.html]
[expert-themes.com/html/tecno/index-7.html]
[expert-themes.com/html/tecno/index-8.html]
[expert-themes.com/html/tecno/index-9.html]
[expert-themes.com/html/tecno/index-10.html]
[expert-themes.com/html/tecno/about.html]
[expert-themes.com/html/tecno/team.html]
[expert-themes.com/html/tecno/faq.html]
[expert-themes.com/html/tecno/price.html]
[expert-themes.com/html/tecno/testimonial.html]
[expert-themes.com/html/tecno/not-found.html]
[expert-themes.com/html/tecno/comming-soon.html]
[expert-themes.com/html/tecno/services.html]
[expert-themes.com/html/tecno/services-detail.html]
[expert-themes.com/html/tecno/blog.html]
[expert-themes.com/html/tecno/blog-classic.html]
[expert-themes.com/html/tecno/blog-single.html]
[expert-themes.com/html/tecno/portfolio.html]
[expert-themes.com/html/tecno/portfolio-single.html]
[expert-themes.com/html/tecno/contact.html]
[expert-themes.com/html/tecno/images/background/1.png]
[expert-themes.com/html/tecno/images/icons/banner-icon-1.png]
[expert-themes.com/html/tecno/images/icons/banner-icon-2.png]
[expert-themes.com/html/tecno/images/resource/1.png]
[expert-themes.com/html/tecno/images/resource/3.png]
[expert-themes.com/html/tecno/images/icons/icon-1.png]
[expert-themes.com/html/tecno/images/icons/icon-2.png]
[expert-themes.com/html/tecno/images/icons/icon-3.png]
[expert-themes.com/html/tecno/images/icons/icon-4.png]
[expert-themes.com/html/tecno/images/icons/service-1.png]
[expert-themes.com/html/tecno/images/icons/service-2.png]
[expert-themes.com/html/tecno/images/icons/service-3.png]
[expert-themes.com/html/tecno/images/resource/author-1.png]
[expert-themes.com/html/tecno/images/icons/signature.png]
[expert-themes.com/html/tecno/images/resource/about-1.png]
[expert-themes.com/html/tecno/images/resource/quote-icon.png]
[expert-themes.com/html/tecno/images/resource/work.png]
[expert-themes.com/html/tecno/images/gallery/1.jpg]
[expert-themes.com/html/tecno/images/gallery/2.jpg]
[expert-themes.com/html/tecno/images/gallery/3.jpg]
[expert-themes.com/html/tecno/images/gallery/4.jpg]
[expert-themes.com/html/tecno/images/resource/team-1.png]
[expert-themes.com/html/tecno/images/resource/team-2.png]
[expert-themes.com/html/tecno/images/resource/team-3.png]
[expert-themes.com/html/tecno/images/background/pattern-1.png]
[expert-themes.com/html/tecno/images/background/pattern-2.png]
[expert-themes.com/html/tecno/images/resource/authors-1.png]
[expert-themes.com/html/tecno/images/resource/author-2.png]
[expert-themes.com/html/tecno/images/resource/news-1.jpg]
[expert-themes.com/html/tecno/images/resource/author-3.jpg]
[expert-themes.com/html/tecno/images/resource/news-2.jpg]
[expert-themes.com/html/tecno/images/resource/news-3.jpg]
[expert-themes.com/html/tecno/images/background/pattern-3.png]
[expert-themes.com/html/tecno/images/resource/contact.png]
[expert-themes.com/html/tecno/images/clients/1.png]
[expert-themes.com/html/tecno/images/clients/2.png]
[expert-themes.com/html/tecno/images/clients/3.png]
[expert-themes.com/html/tecno/images/clients/4.png]
[expert-themes.com/html/tecno/images/clients/5.png]
[expert-themes.com/html/tecno/images/background/4.jpg]
[expert-themes.com/html/tecno/images/gallery/footer-gallery-thumb-1.jpg]
[expert-themes.com/html/tecno/images/gallery/footer-gallery-thumb-2.jpg]
[expert-themes.com/html/tecno/images/gallery/footer-gallery-thumb-3.jpg]
[expert-themes.com/html/tecno/images/gallery/footer-gallery-thumb-4.jpg]
[expert-themes.com/html/tecno/images/gallery/footer-gallery-thumb-5.jpg]
[expert-themes.com/html/tecno/images/gallery/footer-gallery-thumb-6.jpg]
[expert-themes.com/html/tecno/js/jquery.js]
[expert-themes.com/html/tecno/js/popper.min.js]
[expert-themes.com/html/tecno/js/bootstrap.min.js]
[expert-themes.com/html/tecno/js/jquery.mCustomScrollbar.concat.min.js]
[expert-themes.com/html/tecno/js/jquery.fancybox.js]
[expert-themes.com/html/tecno/js/appear.js]
[expert-themes.com/html/tecno/js/owl.js]
[expert-themes.com/html/tecno/js/wow.js]
[expert-themes.com/html/tecno/js/jquery-ui.js]
[expert-themes.com/html/tecno/js/script.js]
[expert-themes.com/html/tecno/index.html]
[expert-themes.com/html/tecno/css/bootstrap.css]
[expert-themes.com/html/tecno/images/background/2.png]
[expert-themes.com/html/tecno/images/background/pattern-7.png]
[expert-themes.com/html/tecno/images/background/pattern-6.png]
[expert-themes.com/html/tecno/images/resource/process-bg-1.png]
[expert-themes.com/html/tecno/images/resource/process-bg-2.png]
[expert-themes.com/html/tecno/images/resource/process-bg-3.png]
[expert-themes.com/html/tecno/images/resource/process-bg-4.png]
[expert-themes.com/html/tecno/css/main.css]
[expert-themes.com/html/tecno/css/responsive.css]
[expert-themes.com/html/tecno/index-2.html]
[expert-themes.com/html/tecno/images/background/3.png]
[expert-themes.com/html/tecno/images/resource/2.png]
[expert-themes.com/html/tecno/images/background/pattern-4.png]
[expert-themes.com/html/tecno/images/background/pattern-5.png]
[expert-themes.com/html/tecno/images/resource/process-1.png]
[expert-themes.com/html/tecno/images/resource/process-2.png]
[expert-themes.com/html/tecno/images/resource/process-3.png]
[expert-themes.com/html/tecno/images/resource/process-4.png]
[expert-themes.com/html/tecno/images/background/pattern-8.png]
[expert-themes.com/html/tecno/images/resource/price-icon-1.png]
[expert-themes.com/html/tecno/images/resource/price-icon-2.png]
[expert-themes.com/html/tecno/images/resource/price-icon-3.png]
[expert-themes.com/html/tecno/images/resource/about-2.png]
[expert-themes.com/html/tecno/images/background/pattern-9.png]
[expert-themes.com/html/tecno/images/resource/author-4.png]
[expert-themes.com/html/tecno/images/resource/author-5.png]
[expert-themes.com/html/tecno/images/background/5.jpg]
[expert-themes.com/html/tecno/images/logo-2.png]
[expert-themes.com/html/tecno/index-3.html]
[expert-themes.com/html/tecno/images/logo-3.png]
[expert-themes.com/html/tecno/images/background/pattern-11.png]
[expert-themes.com/html/tecno/images/background/pattern-10.png]
[expert-themes.com/html/tecno/images/background/pattern-12.png]
[expert-themes.com/html/tecno/images/background/pattern-13.png]
[expert-themes.com/html/tecno/images/icons/icon-5.png]
[expert-themes.com/html/tecno/images/background/pattern-14.png]
[expert-themes.com/html/tecno/images/resource/image-1.png]
[expert-themes.com/html/tecno/images/background/pattern-15.png]
[expert-themes.com/html/tecno/images/background/pattern-16.png]
[expert-themes.com/html/tecno/images/gallery/5.jpg]
[expert-themes.com/html/tecno/images/gallery/6.jpg]
[expert-themes.com/html/tecno/images/gallery/7.jpg]
[expert-themes.com/html/tecno/images/background/pattern-17.png]
[expert-themes.com/html/tecno/images/resource/image-2.png]
[expert-themes.com/html/tecno/images/background/pattern-18.png]
[expert-themes.com/html/tecno/images/background/pattern-19.png]
[expert-themes.com/html/tecno/images/resource/subscribe.png]
[expert-themes.com/html/tecno/images/background/pattern-20.png]
[expert-themes.com/html/tecno/images/background/6.jpg]
[expert-themes.com/html/tecno/images/logo-4.png]
[expert-themes.com/html/tecno/index-4.html]
[expert-themes.com/html/tecno/index-5.html]
[expert-themes.com/html/tecno/index-6.html]
[expert-themes.com/html/tecno/index-7.html]
[expert-themes.com/html/tecno/plugins/revolution/js/jquery.themepunch.revolution.min.js]
[expert-themes.com/html/tecno/plugins/revolution/js/jquery.themepunch.tools.min.js]
[expert-themes.com/html/tecno/plugins/revolution/js/extensions/revolution.extension.actions.min.js]
[expert-themes.com/html/tecno/plugins/revolution/js/extensions/revolution.extension.carousel.min.js]
[expert-themes.com/html/tecno/plugins/revolution/js/extensions/revolution.extension.kenburn.min.js]
[expert-themes.com/html/tecno/plugins/revolution/js/extensions/revolution.extension.layeranimation.min.js]
[expert-themes.com/html/tecno/plugins/revolution/js/extensions/revolution.extension.migration.min.js]
[expert-themes.com/html/tecno/plugins/revolution/js/extensions/revolution.extension.navigation.min.js]
[expert-themes.com/html/tecno/plugins/revolution/js/extensions/revolution.extension.parallax.min.js]
[expert-themes.com/html/tecno/plugins/revolution/js/extensions/revolution.extension.slideanims.min.js]
[expert-themes.com/html/tecno/plugins/revolution/js/extensions/revolution.extension.video.min.js]
[expert-themes.com/html/tecno/js/main-slider-script.js]
[expert-themes.com/html/tecno/index-8.html]
[expert-themes.com/html/tecno/index-9.html]
[expert-themes.com/html/tecno/index-10.html]
[expert-themes.com/html/tecno/images/background/pattern-21.png]
[expert-themes.com/html/tecno/images/icons/icon-6.png]
[expert-themes.com/html/tecno/images/icons/icon-7.png]
[expert-themes.com/html/tecno/images/icons/icon-8.png]
[expert-themes.com/html/tecno/images/icons/icon-9.png]
[expert-themes.com/html/tecno/images/icons/icon-10.png]
[expert-themes.com/html/tecno/about.html]
[expert-themes.com/html/tecno/images/resource/team-4.png]
[expert-themes.com/html/tecno/images/resource/team-5.png]
[expert-themes.com/html/tecno/images/resource/team-6.png]
[expert-themes.com/html/tecno/team.html]
[expert-themes.com/html/tecno/faq.html]
[expert-themes.com/html/tecno/price.html]
[expert-themes.com/html/tecno/testimonial.html]
[expert-themes.com/html/tecno/not-found.html]
[expert-themes.com/html/tecno/js/jquery.countdown.js]
[expert-themes.com/html/tecno/comming-soon.html]
[expert-themes.com/html/tecno/services.html]
[expert-themes.com/html/tecno/images/resource/service.jpg]
[expert-themes.com/html/tecno/services-detail.html]
[expert-themes.com/html/tecno/images/resource/news-4.jpg]
[expert-themes.com/html/tecno/images/resource/news-5.jpg]
[expert-themes.com/html/tecno/images/resource/news-6.jpg]
[expert-themes.com/html/tecno/images/resource/news-7.jpg]
[expert-themes.com/html/tecno/images/resource/news-8.jpg]
[expert-themes.com/html/tecno/images/resource/news-9.jpg]
[expert-themes.com/html/tecno/js/mixitup.js]
[expert-themes.com/html/tecno/blog.html]
[expert-themes.com/html/tecno/images/resource/news-10.jpg]
[expert-themes.com/html/tecno/images/resource/news-11.jpg]
[expert-themes.com/html/tecno/images/resource/news-12.jpg]
[expert-themes.com/html/tecno/images/resource/news-13.jpg]
[expert-themes.com/html/tecno/blog-classic.html]
[expert-themes.com/html/tecno/images/resource/news-14.jpg]
[expert-themes.com/html/tecno/images/resource/news-15.jpg]
[expert-themes.com/html/tecno/images/resource/author-6.png]
[expert-themes.com/html/tecno/images/resource/author-7.png]
[expert-themes.com/html/tecno/images/resource/author-8.png]
[expert-themes.com/html/tecno/blog-single.html]
[expert-themes.com/html/tecno/images/gallery/8.jpg]
[expert-themes.com/html/tecno/images/gallery/9.jpg]
[expert-themes.com/html/tecno/images/gallery/10.jpg]
[expert-themes.com/html/tecno/images/gallery/11.jpg]
[expert-themes.com/html/tecno/images/gallery/12.jpg]
[expert-themes.com/html/tecno/images/gallery/13.jpg]
[expert-themes.com/html/tecno/images/gallery/14.jpg]
[expert-themes.com/html/tecno/images/gallery/15.jpg]
[expert-themes.com/html/tecno/images/gallery/16.jpg]
[expert-themes.com/html/tecno/portfolio.html]
[expert-themes.com/html/tecno/images/gallery/17.jpg]
[expert-themes.com/html/tecno/images/gallery/18.jpg]
[expert-themes.com/html/tecno/portfolio-single.html]
[expert-themes.com/html/tecno/images/icons/map-marker.png]
[expert-themes.com/html/tecno/images/resource/contact-1.jpg]
[expert-themes.com/html/tecno/js/validate.js]
[expert-themes.com/html/tecno/js/map-script.js]
[expert-themes.com/html/tecno/contact.html]
[expert-themes.com/html/tecno/fonts/fontawesome-webfont914c.eot]
[expert-themes.com/html/tecno/fonts/fontawesome-webfontd41d.eot]
[expert-themes.com/html/tecno/fonts/fontawesome-webfont914c.woff2]
[expert-themes.com/html/tecno/fonts/fontawesome-webfont914c.woff]
[expert-themes.com/html/tecno/fonts/fontawesome-webfont914c.ttf]
[expert-themes.com/html/tecno/css/font-awesome.css]
[expert-themes.com/html/tecno/fonts/flaticon.eot]
[expert-themes.com/html/tecno/fonts/flaticond41d.eot]
[expert-themes.com/html/tecno/fonts/flaticon.woff]
[expert-themes.com/html/tecno/fonts/flaticon.ttf]
[expert-themes.com/html/tecno/css/flaticon.css]
[expert-themes.com/html/tecno/css/animate.css]
[expert-themes.com/html/tecno/css/owl.css]
[expert-themes.com/html/tecno/css/images/ui-icons_444444_256x240.png]
[expert-themes.com/html/tecno/css/jquery-ui.css]
[expert-themes.com/html/tecno/css/animation.css]
[expert-themes.com/html/tecno/css/jquery.fancybox.min.css]
[expert-themes.com/html/tecno/css/jquery.mCustomScrollbar.min.css]
[expert-themes.com/html/tecno/images/icons/preloader.svg]
[expert-themes.com/html/tecno/plugins/revolution/fonts/revicons/revicons90c6.eot]
[expert-themes.com/html/tecno/plugins/revolution/fonts/revicons/revicons90c6.woff]
[expert-themes.com/html/tecno/plugins/revolution/fonts/revicons/revicons90c6.ttf]
[expert-themes.com/html/tecno/plugins/revolution/assets/gridtile.png]
[expert-themes.com/html/tecno/plugins/revolution/assets/gridtile_white.png]
[expert-themes.com/html/tecno/plugins/revolution/assets/gridtile_3x3.png]
[expert-themes.com/html/tecno/plugins/revolution/assets/gridtile_3x3_white.png]
[expert-themes.com/html/tecno/plugins/revolution/assets/coloredbg.png]
[expert-themes.com/html/tecno/plugins/revolution/assets/loader.gif]
[expert-themes.com/html/tecno/plugins/revolution/css/settings.css]
[expert-themes.com/html/tecno/plugins/revolution/css/layers.css]
[expert-themes.com/html/tecno/plugins/revolution/css/navigation.css]
[expert-themes.com/html/tecno/blog-detail.html]
[expert-themes.com/html/tecno/fonts/fontawesome-webfont914c.svg]
[expert-themes.com/html/tecno/fonts/flaticon.svg]
[expert-themes.com/html/tecno/css/owl.video.play.html]
[expert-themes.com/html/tecno/css/images/ui-icons_777620_256x240.html]
[expert-themes.com/html/tecno/css/images/ui-icons_cc0000_256x240.html]
[expert-themes.com/html/tecno/css/images/ui-icons_777777_256x240.html]
[expert-themes.com/html/tecno/css/mCSB_buttons.html]
[expert-themes.com/html/tecno/plugins/revolution/fonts/revicons/revicons90c6.svg]
[expert-themes.com/html/tecno/plugins/revolution/css/openhand.html]
[expert-themes.com/html/tecno/plugins/revolution/css/closedhand.html]
